// Jest Snapshot v1, https://goo.gl/fbAQLP

exports[`Card renders properly 1`] = `
<View
  style={
    Array [
      Object {
        "backgroundColor": "#32343a",
        "borderRadius": 4,
        "margin": 10,
        "padding": 16,
      },
    ]
  }
>
  <Text
    accessible={true}
    allowFontScaling={true}
    ellipsizeMode="tail"
    style={
      Array [
        Object {
          "color": "#dededf",
          "fontFamily": "montserrat-semibold",
          "fontSize": 18,
          "fontWeight": "600",
          "paddingBottom": 8,
        },
      ]
    }
  >
    1:21:13
  </Text>
  <Text
    accessible={true}
    allowFontScaling={true}
    ellipsizeMode="tail"
    style={
      Array [
        Object {
          "color": "#dededf",
          "fontFamily": "montserrat-regular",
          "fontSize": 14,
        },
      ]
    }
  >
    Active Time
  </Text>
</View>
`;
